took %d ns
 206.417µs
took %d ns
 222.958µs
took %d ns
 190.916µs
took %d ns
 216.625µs
took %d ns
 178.792µs
took %d ns
 437.833µs
took %d ns
 246.458µs
took %d ns
 189.709µs
took %d ns
 393.917µs
took %d ns
 203.709µs
took %d ns
 171.917µs
took %d ns
 168.459µs
took %d ns
 381.583µs
took %d ns
 169.042µs
took %d ns
 175.209µs
took %d ns
 192.125µs
took %d ns
 224.667µs
took %d ns
 303.5µs
took %d ns
 210.875µs
took %d ns
 184.708µs
took %d ns
 224.583µs
took %d ns
 259.375µs
took %d ns
 333.292µs
took %d ns
 260.875µs
took %d ns
 523.167µs
took %d ns
 203.375µs
